|||||
|||p1.pawn||
|||||
|||p2.pawn||
|||||
----------------
White
p1.pawn
|||||
|||||
|||p1.pawn||
|||p2.pawn||
|||||
----------------