Success. Able to access a value at index of 1d array.